Flutter crash report.
Please report a bug at https://github.com/flutter/flutter/issues.

## command

flutter run

## exception

RPCError: _createDevFS: (1001) File system already exists
_createDevFS: file system 'pahawang' already exists

```
#0      new _OutstandingRequest (package:vm_service/src/vm_service.dart:268:34)
#1      VmService._call.<anonymous closure> (package:vm_service/src/vm_service.dart:1950:25)
#2      VmService._call (package:vm_service/src/vm_service.dart:1962:8)
#3      VmService.callServiceExtension (package:vm_service/src/vm_service.dart:1901:14)
#4      FlutterVmService.createDevFS (package:flutter_tools/src/vmservice.dart:933:20)
#5      DevFS.create (package:flutter_tools/src/devfs.dart:536:61)
<asynchronous suspension>
#6      HotRunner._initDevFS (package:flutter_tools/src/run_hot.dart:488:9)
<asynchronous suspension>
#7      HotRunner._attach (package:flutter_tools/src/run_hot.dart:286:35)
<asynchronous suspension>
#8      RunCommand.runCommand (package:flutter_tools/src/commands/run.dart:891:26)
<asynchronous suspension>
#9      FlutterCommand.run.<anonymous closure> (package:flutter_tools/src/runner/flutter_command.dart:1559:27)
<asynchronous suspension>
#10     AppContext.run.<anonymous closure> (package:flutter_tools/src/base/context.dart:154:19)
<asynchronous suspension>
#11     CommandRunner.runCommand (package:args/command_runner.dart:212:13)
<asynchronous suspension>
#12     FlutterCommandRunner.runCommand.<anonymous closure> (package:flutter_tools/src/runner/flutter_command_runner.dart:487:9)
<asynchronous suspension>
#13     AppContext.run.<anonymous closure> (package:flutter_tools/src/base/context.dart:154:19)
<asynchronous suspension>
#14     FlutterCommandRunner.runCommand (package:flutter_tools/src/runner/flutter_command_runner.dart:422:5)
<asynchronous suspension>
#15     run.<anonymous closure>.<anonymous closure> (package:flutter_tools/runner.dart:104:11)
<asynchronous suspension>
#16     AppContext.run.<anonymous closure> (package:flutter_tools/src/base/context.dart:154:19)
<asynchronous suspension>
#17     main (package:flutter_tools/executable.dart:103:3)
<asynchronous suspension>
```

## flutter doctor

```
[32m[✓][39m Flutter (Channel stable, 3.38.9, on Microsoft Windows [Version 10.0.26200.8037], locale en-ID) [2.3s]
    [32m•[39m Flutter version 3.38.9 on channel stable at C:\src\flutter
    [32m•[39m Upstream repository https://github.com/flutter/flutter.git
    [32m•[39m Framework revision 67323de285 (3 months ago), 2026-01-28 13:43:12 -0800
    [32m•[39m Engine revision 587c18f873
    [32m•[39m Dart version 3.10.8
    [32m•[39m DevTools version 2.51.1
    [32m•[39m Feature flags: enable-web, enable-linux-desktop, enable-macos-desktop, enable-windows-desktop,
      enable-android, enable-ios, cli-animations, enable-native-assets, omit-legacy-version-file,
      enable-lldb-debugging

[32m[✓][39m Windows Version (11 Pro 64-bit, 25H2, 2009) [7.3s]

[32m[✓][39m Android toolchain - develop for Android devices (Android SDK version 36.1.0) [12.3s]
    [32m•[39m Android SDK at C:\Users\User\AppData\Local\Android\sdk
    [32m•[39m Emulator version 36.3.10.0 (build_id 14472402) (CL:N/A)
    [32m•[39m Platform android-36, build-tools 36.1.0
    [32m•[39m Java binary at: C:\Program Files\Android\Android Studio\jbr\bin\java
      This is the JDK bundled with the latest Android Studio installation on this machine.
      To manually set the JDK path, use: `flutter config --jdk-dir="path/to/jdk"`.
    [32m•[39m Java version OpenJDK Runtime Environment (build 21.0.8+-14196175-b1038.72)
    [32m•[39m All Android licenses accepted.

[32m[✓][39m Chrome - develop for the web [679ms]
    [32m•[39m Chrome at C:\Program Files\Google\Chrome\Application\chrome.exe

[32m[✓][39m Visual Studio - develop Windows apps (Visual Studio Community 2026 18.2.1) [675ms]
    [32m•[39m Visual Studio at C:\Program Files\Microsoft Visual Studio\18\Community
    [32m•[39m Visual Studio Community 2026 version 18.2.11415.280
    [32m•[39m Windows 10 SDK version 10.0.26100.0

[32m[✓][39m Connected device (4 available) [1,490ms]
    [32m•[39m sdk gphone x86 64 (mobile) • emulator-5554 • android-x64    • Android 11 (API 30) (emulator)
    [32m•[39m Windows (desktop)          • windows       • windows-x64    • Microsoft Windows [Version
      10.0.26200.8037]
    [32m•[39m Chrome (web)               • chrome        • web-javascript • Google Chrome 147.0.7727.139
    [32m•[39m Edge (web)                 • edge          • web-javascript • Microsoft Edge 148.0.3967.54

[32m[✓][39m Network resources [680ms]
    [32m•[39m All expected network resources are available.

[32m•[39m No issues found!
```
